// Jest Snapshot v1, https://goo.gl/fbAQLP

exports[`<Button /> spec Renders the component 1`] = `undefined`;
